src/app/products/page.tsx(88,34): error TS2322: Type '{ id: any; nombre: any; categoria: any; estado: any; costo_producto: any; precio_venta_sugerido: any; moneda: any; is_archived: any; evalResult: EvaluationResult; valResult: { ...; }; }[]' is not assignable to type 'ProductWithEvals[]'.
  Type '{ id: any; nombre: any; categoria: any; estado: any; costo_producto: any; precio_venta_sugerido: any; moneda: any; is_archived: any; evalResult: EvaluationResult; valResult: { ...; }; }' is not assignable to type 'ProductWithEvals'.
    Types of property 'evalResult' are incompatible.
      Property 'badgeVariant' is missing in type 'EvaluationResult' but required in type '{ hasScores: boolean; porcentaje: number; recomendacion: string; colorRecomendacion: string; badgeVariant: string; }'.
src/app/products/ProductsTableClient.tsx(242,66): error TS2322: Type '{ children: Element; asChild: true; }' is not assignable to type 'IntrinsicAttributes & Props<unknown>'.
  Property 'asChild' does not exist on type 'IntrinsicAttributes & Props<unknown>'.
src/app/products/ProductsTableClient.tsx(250,67): error TS2322: Type '{ children: Element; asChild: true; }' is not assignable to type 'IntrinsicAttributes & MenuItemProps & { inset?: boolean | undefined; variant?: "default" | "destructive" | undefined; }'.
  Property 'asChild' does not exist on type 'IntrinsicAttributes & MenuItemProps & { inset?: boolean | undefined; variant?: "default" | "destructive" | undefined; }'.
